E6B-2A validation record
========================

Pre-change baseline
  make regression: PASS
  emulator: 21/21
  RTL lint: PASS
  standalone RTL: 22/22
  DiffTest: 23/23

Final implementation tests
  make test: PASS (25/25)
  make rtl-lint: PASS
  make rtl-test: PASS (26/26)
  make difftest-test: PASS (32/32)

Final AM images (ARCH=minirv-npc)
  dummy image: PASS; final linked ISA audit PASS
  wrong image: PASS; final linked ISA audit PASS
  sum image: PASS; final linked ISA audit PASS (33 instructions)

sum final instruction counts
  add=2 addi=10 auipc=2 beq=1 bne=1 ebreak=1 jalr=5 lui=3
  lw=3 sltiu=1 sw=4

AM runner
  dummy: HIT GOOD TRAP; exit 0
  wrong: HIT BAD TRAP: code=1; nonzero exit
  sum: HIT GOOD TRAP; exit 0
  sum am-wave: HIT GOOD TRAP; exit 0; build/minirv_am.fst nonempty

Strict rejection check
  normal add image build: rejected; unsupported SUB remains in final ELF
